UV_CACHE_DIR=.uv-cache uv run pytest tests/integration/runtime/test_http_recall_assembly.py tests/integration/runtime/test_http_recall_provider_faults.py tests/integration/runtime/test_runtime_authorization_fencing_and_health.py tests/integration/recall/test_vector_crash_freshness_and_isolation.py --no-cov
============================= test session starts ==============================
platform darwin -- Python 3.12.13, pytest-8.4.2, pluggy-1.6.0
rootdir: /Users/cassia/Local/Code/iris_memory_core
configfile: pyproject.toml
plugins: cov-7.1.0, anyio-4.15.0
collected 100 items

tests/integration/runtime/test_http_recall_assembly.py ................. [ 17%]
...                                                                      [ 20%]
tests/integration/runtime/test_http_recall_provider_faults.py .........  [ 29%]
tests/integration/runtime/test_runtime_authorization_fencing_and_health.py . [ 30%]
..............................................                           [ 76%]
tests/integration/recall/test_vector_crash_freshness_and_isolation.py .. [ 78%]
......................                                                   [100%]

=============================== warnings summary ===============================
.venv/lib/python3.12/site-packages/fastapi/testclient.py:1
  /Users/cassia/Local/Code/iris_memory_core/.venv/lib/python3.12/site-packages/fastapi/testclient.py:1: StarletteDeprecationWarning: Using `httpx` with `starlette.testclient` is deprecated; install `httpx2` instead.
    from starlette.testclient import TestClient as TestClient  # noqa

.venv/lib/python3.12/site-packages/starlette/testclient.py:53
  /Users/cassia/Local/Code/iris_memory_core/.venv/lib/python3.12/site-packages/starlette/testclient.py:53: DeprecationWarning: The anyio.abc.BlockingPortal alias is deprecated, use anyio.from_thread.BlockingPortal instead.
    _PortalFactoryType = Callable[[], AbstractContextManager[anyio.abc.BlockingPortal]]

-- Docs: https://docs.pytest.org/en/stable/how-to/capture-warnings.html
======================= 100 passed, 2 warnings in 9.05s ========================
