UV_CACHE_DIR=.uv-cache uv run pytest tests/integration/cognition/test_persona.py tests/integration/console/test_console_persona*.py tests/integration/migrations/test_persona_migration.py tests/unit/test_persona_domain.py --no-cov
============================= test session starts ==============================
platform darwin -- Python 3.12.13, pytest-8.4.2, pluggy-1.6.0
rootdir: /Users/cassia/Local/Code/iris_memory_core
configfile: pyproject.toml
plugins: cov-7.1.0, anyio-4.15.0
collected 142 items

tests/integration/cognition/test_persona.py .................            [ 11%]
tests/integration/console/test_console_persona_commands.py ............. [ 21%]
....                                                                     [ 23%]
tests/integration/console/test_console_persona_http.py ............      [ 32%]
tests/integration/console/test_console_persona_policy.py ...........     [ 40%]
tests/integration/console/test_console_persona_policy_http.py .......... [ 47%]
........                                                                 [ 52%]
tests/integration/console/test_console_persona_policy_recovery.py .      [ 53%]
tests/integration/console/test_console_persona_proposals.py ............ [ 61%]
                                                                         [ 61%]
tests/integration/console/test_console_persona_proposals_http.py ....... [ 66%]
....                                                                     [ 69%]
tests/integration/console/test_console_persona_proposals_recovery.py .   [ 70%]
tests/integration/console/test_console_persona_recovery.py ..            [ 71%]
tests/integration/console/test_console_persona_state.py ................ [ 83%]
..                                                                       [ 84%]
tests/integration/console/test_console_persona_state_http.py ........... [ 92%]
...                                                                      [ 94%]
tests/integration/console/test_console_persona_state_recovery.py .       [ 95%]
tests/integration/migrations/test_persona_migration.py ...               [ 97%]
tests/unit/test_persona_domain.py ....                                   [100%]

=============================== warnings summary ===============================
.venv/lib/python3.12/site-packages/fastapi/testclient.py:1
  /Users/cassia/Local/Code/iris_memory_core/.venv/lib/python3.12/site-packages/fastapi/testclient.py:1: StarletteDeprecationWarning: Using `httpx` with `starlette.testclient` is deprecated; install `httpx2` instead.
    from starlette.testclient import TestClient as TestClient  # noqa

.venv/lib/python3.12/site-packages/starlette/testclient.py:53
  /Users/cassia/Local/Code/iris_memory_core/.venv/lib/python3.12/site-packages/starlette/testclient.py:53: DeprecationWarning: The anyio.abc.BlockingPortal alias is deprecated, use anyio.from_thread.BlockingPortal instead.
    _PortalFactoryType = Callable[[], AbstractContextManager[anyio.abc.BlockingPortal]]

-- Docs: https://docs.pytest.org/en/stable/how-to/capture-warnings.html
======================= 142 passed, 2 warnings in 33.72s =======================
