UV_CACHE_DIR=.uv-cache uv run ruff format --check .
382 files already formatted
UV_CACHE_DIR=.uv-cache uv run ruff check .
All checks passed!
UV_CACHE_DIR=.uv-cache uv run python -m tools.check_import_boundaries
domain import boundary: ok
UV_CACHE_DIR=.uv-cache uv run python -m tools.check_docs
documentation structure and local links: ok
UV_CACHE_DIR=.uv-cache uv run python -m tools.check_contract_counts
current documentation contract counts: ok
UV_CACHE_DIR=.uv-cache uv run mypy
Success: no issues found in 379 source files
npm run typecheck --prefix sdk/typescript

> @iris-memory/sdk@0.11.2 typecheck
> tsc --project tsconfig.json --noEmit

UV_CACHE_DIR=.uv-cache uv run python -m tools.generate_contracts --check
generated contracts: ok
UV_CACHE_DIR=.uv-cache uv run python -m tools.check_compatibility
contract compatibility: ok
UV_CACHE_DIR=.uv-cache uv run python -m tools.check_public_api
public API exports, signatures, DTOs, CLI and HTTP snapshot: passed
UV_CACHE_DIR=.uv-cache uv run pytest tests/performance --no-cov -s
============================= test session starts ==============================
platform darwin -- Python 3.12.13, pytest-8.4.2, pluggy-1.6.0
rootdir: /Users/cassia/Local/Code/iris_memory_core
configfile: pyproject.toml
plugins: cov-7.1.0, anyio-4.15.0
collected 11 items

tests/performance/test_forget_latency.py ..
tests/performance/test_graph_profile_recall_latency.py 
graph+profile hybrid recall: p50=28.8ms p95=30.8ms max=31.6ms samples=40 budget=250ms
.
tests/performance/test_hybrid_recall_latency.py 
hybrid recall: p50=29.8ms p95=30.9ms max=31.1ms samples=40 embed_p50=0.03ms faiss_p50=1.71ms
..
tests/performance/test_observe_latency.py 
single-observation p95=3.52ms median=3.30ms
environment: python=3.12.13; sqlite=3.50.4; platform=arm64/Darwin; concurrency=1; payload=512B content per record
.
batch-100 p95=11.93ms median=11.56ms
environment: sqlite=(3, 50, 4); observations=7000; outbox_jobs=7000 (unsettled and completed)
.
tests/performance/test_persona_latency.py 
persona-current p95=1.50ms median=1.38ms
.
tests/performance/test_recall_latency.py 
structured recall: p50=24.01ms p95=24.77ms max=25.45ms samples=40
.
fts recall: p50=27.00ms p95=31.68ms max=33.59ms samples=40
.
tests/performance/test_state_latency.py 
environment: python=3.12.13 sqlite=3.50.4 machine=arm64 os=Darwin
state coalesced write (sequential stream, coalescing active): samples=120 payload_bytes=121 corpus=2000 rows | p50=8.92ms p95=9.34ms
contention burst (reported, single-writer gate queueing): samples=24 concurrency=8 p95=150.03ms | busy_events=0 | projection_jobs=2009 pending=2009 hot_key_revisions=155 queue_lag_us=18713200
.

============================= 11 passed in 41.32s ==============================
UV_CACHE_DIR=.uv-cache uv run pytest --ignore=tests/performance
============================= test session starts ==============================
platform darwin -- Python 3.12.13, pytest-8.4.2, pluggy-1.6.0
rootdir: /Users/cassia/Local/Code/iris_memory_core
configfile: pyproject.toml
testpaths: tests, sdk/python/tests
plugins: cov-7.1.0, anyio-4.15.0
collected 14793 items

tests/contract/test_asgi_authorization.py .............................. [  0%]
.....................                                                    [  0%]
tests/contract/test_console_contract.py ................................ [  0%]
........................................................................ [  1%]
........................................................................ [  1%]
........................................................................ [  2%]
........................................................................ [  2%]
........................................................................ [  2%]
..............                                                           [  3%]
tests/contract/test_http_operation_matrix.py ..                          [  3%]
tests/contract/test_json_schemas.py .................................... [  3%]
............                                                             [  3%]
tests/contract/test_mock_server.py ..................................... [  3%]
.................                                                        [  3%]
tests/contract/test_public_api.py ......                                 [  3%]
tests/contract/test_recall_batch_revalidation.py ......                  [  3%]
tests/fault/test_kill9.py ...............................                [  4%]
tests/integration/cognition/test_persona.py .................            [  4%]
tests/integration/cognition/test_persona_clock_trajectories.py .         [  4%]
tests/integration/cognition/test_persona_http_concurrency.py .           [  4%]
tests/integration/cognition/test_persona_policy_quantitative.py ........ [  4%]
........................................................................ [  4%]
........................................................................ [  5%]
........................................................................ [  5%]
........................................................................ [  6%]
........................................................................ [  6%]
........................................................................ [  7%]
........................................................................ [  7%]
........................................................................ [  8%]
........................................................................ [  8%]
........................................................................ [  9%]
........................................................................ [  9%]
........................................................................ [ 10%]
........................................................................ [ 10%]
........................................................................ [ 11%]
........................................................................ [ 11%]
........................................................................ [ 12%]
........................................................................ [ 12%]
........................................................................ [ 13%]
........................................................................ [ 13%]
........................................................................ [ 13%]
........................................................................ [ 14%]
........................................................................ [ 14%]
........................................................................ [ 15%]
........................................................................ [ 15%]
........................................................................ [ 16%]
........................................................................ [ 16%]
........................................................................ [ 17%]
........................................................................ [ 17%]
........................................................................ [ 18%]
........................................................................ [ 18%]
........................................................................ [ 19%]
........................................................................ [ 19%]
........................................................................ [ 20%]
........................................................................ [ 20%]
........................................................................ [ 21%]
........................................................................ [ 21%]
........................................................................ [ 22%]
........................................................................ [ 22%]
........................................................                 [ 23%]
tests/integration/cognition/test_reflection_pipeline.py ............     [ 23%]
tests/integration/cognition/test_reflection_runtime.py ...               [ 23%]
tests/integration/console/test_console_artifact_http.py ................ [ 23%]
......                                                                   [ 23%]
tests/integration/console/test_console_artifact_upload.py .............. [ 23%]
......................                                                   [ 23%]
tests/integration/console/test_console_authentication.py ............... [ 23%]
............................................                             [ 24%]
tests/integration/console/test_console_backup_operations.py ............ [ 24%]
........                                                                 [ 24%]
tests/integration/console/test_console_claim_http.py ................... [ 24%]
.                                                                        [ 24%]
tests/integration/console/test_console_commands.py ..................... [ 24%]
..                                                                       [ 24%]
tests/integration/console/test_console_entity_attributes.py ............ [ 24%]
.......                                                                  [ 24%]
tests/integration/console/test_console_entity_redirect.py .............. [ 24%]
..                                                                       [ 24%]
tests/integration/console/test_console_entity_tombstone.py .........     [ 24%]
tests/integration/console/test_console_episode_http.py ................. [ 24%]
...........                                                              [ 24%]
tests/integration/console/test_console_event_dismiss.py ............     [ 25%]
tests/integration/console/test_console_event_http.py ..........          [ 25%]
tests/integration/console/test_console_event_recall.py ..                [ 25%]
tests/integration/console/test_console_focus_commands.py ........        [ 25%]
tests/integration/console/test_console_focus_forget.py .............     [ 25%]
tests/integration/console/test_console_focus_http.py .                   [ 25%]
tests/integration/console/test_console_forget_http.py .................. [ 25%]
..............                                                           [ 25%]
tests/integration/console/test_console_forget_selection.py ....          [ 25%]
tests/integration/console/test_console_identity_http.py ................ [ 25%]
..............                                                           [ 25%]
tests/integration/console/test_console_note_http.py .................... [ 25%]
...                                                                      [ 25%]
tests/integration/console/test_console_observation_http.py ............. [ 25%]
..                                                                       [ 25%]
tests/integration/console/test_console_operation_batches.py ...........  [ 26%]
tests/integration/console/test_console_operation_cancellation.py ...     [ 26%]
tests/integration/console/test_console_operation_http.py ...             [ 26%]
tests/integration/console/test_console_operation_ordering.py ..          [ 26%]
tests/integration/console/test_console_operation_storage.py ..           [ 26%]
tests/integration/console/test_console_persona_commands.py ............. [ 26%]
....                                                                     [ 26%]
tests/integration/console/test_console_persona_http.py ............      [ 26%]
tests/integration/console/test_console_persona_policy.py ...........     [ 26%]
tests/integration/console/test_console_persona_policy_http.py .......... [ 26%]
........                                                                 [ 26%]
tests/integration/console/test_console_persona_policy_recovery.py .      [ 26%]
tests/integration/console/test_console_persona_proposals.py ............ [ 26%]
                                                                         [ 26%]
tests/integration/console/test_console_persona_proposals_http.py ....... [ 26%]
....                                                                     [ 26%]
tests/integration/console/test_console_persona_proposals_recovery.py .   [ 26%]
tests/integration/console/test_console_persona_recovery.py ..            [ 26%]
tests/integration/console/test_console_persona_state.py ................ [ 26%]
..                                                                       [ 26%]
tests/integration/console/test_console_persona_state_http.py ........... [ 26%]
...                                                                      [ 26%]
tests/integration/console/test_console_persona_state_recovery.py .       [ 26%]
tests/integration/console/test_console_plane.py .......................  [ 27%]
tests/integration/console/test_console_reads.py ........................ [ 27%]
...............................                                          [ 27%]
tests/integration/console/test_console_relation_http.py ................ [ 27%]
...............                                                          [ 27%]
tests/integration/console/test_console_state_forget.py .............     [ 27%]
tests/integration/console/test_console_state_http.py .............       [ 27%]
tests/integration/console/test_console_task_dependencies.py ............ [ 27%]
......                                                                   [ 27%]
tests/integration/console/test_console_task_forget.py .................. [ 28%]
.                                                                        [ 28%]
tests/integration/console/test_console_task_http.py ..............       [ 28%]
tests/integration/console/test_console_task_steps.py ............        [ 28%]
tests/integration/console/test_console_task_triggers.py ................ [ 28%]
.......                                                                  [ 28%]
tests/integration/console/test_console_worker_execution.py ......        [ 28%]
tests/integration/memory/test_claim_revision_events.py ......            [ 28%]
tests/integration/memory/test_concurrency.py ..                          [ 28%]
tests/integration/memory/test_consistency.py .............               [ 28%]
tests/integration/memory/test_entity_tombstone_ledger.py ...FF.          [ 28%]
tests/integration/memory/test_events.py ..............................   [ 28%]
tests/integration/memory/test_focus_items.py ........................... [ 29%]
...                                                                      [ 29%]
tests/integration/memory/test_focus_promotion.py ....................... [ 29%]
....                                                                     [ 29%]
tests/integration/memory/test_memory_artifacts.py ..............         [ 29%]
tests/integration/memory/test_memory_cascade_and_privacy.py ...........  [ 29%]
tests/integration/memory/test_memory_claims.py ......................... [ 29%]
........                                                                 [ 29%]
tests/integration/memory/test_memory_concurrency.py ....                 [ 29%]
tests/integration/memory/test_memory_episodes_relations.py ...........   [ 29%]
tests/integration/memory/test_memory_evidence_scope_and_ledger.py ...... [ 29%]
.........                                                                [ 29%]
tests/integration/memory/test_memory_forget.py .....................     [ 29%]
tests/integration/memory/test_notes.py ...............                   [ 30%]
tests/integration/memory/test_recent_context.py .................        [ 30%]
tests/integration/memory/test_relation_endpoint_privacy.py ...           [ 30%]
tests/integration/memory/test_state_records.py ......................... [ 30%]
..                                                                       [ 30%]
tests/integration/memory/test_task_deletion_storage.py ...               [ 30%]
tests/integration/memory/test_task_event_jobs.py ...........             [ 30%]
tests/integration/memory/test_tasks.py ..................                [ 30%]
tests/integration/memory/test_triggers.py .............................. [ 30%]
.....                                                                    [ 30%]
tests/integration/memory/test_working_memory_jobs.py ............        [ 30%]
tests/integration/memory/test_working_memory_security.py .......         [ 30%]
tests/integration/migrations/test_console_migration.py ..                [ 30%]
tests/integration/migrations/test_console_operation_migration.py ..      [ 30%]
tests/integration/migrations/test_console_preview_migration.py .......   [ 31%]
tests/integration/migrations/test_dependency_lifecycle_migration.py .... [ 31%]
                                                                         [ 31%]
tests/integration/migrations/test_fts_recall_migration.py .............  [ 31%]
tests/integration/migrations/test_graph_profile_migration.py .......     [ 31%]
tests/integration/migrations/test_ingestion_migration.py ..............  [ 31%]
tests/integration/migrations/test_memory_migration.py ..........         [ 31%]
tests/integration/migrations/test_migrations.py ......................   [ 31%]
tests/integration/migrations/test_persona_migration.py ...               [ 31%]
tests/integration/migrations/test_reflection_migration.py ....           [ 31%]
tests/integration/migrations/test_state_deletion_migration.py ......     [ 31%]
tests/integration/migrations/test_task_event_migration.py .............. [ 31%]
.....                                                                    [ 31%]
tests/integration/migrations/test_typed_operations_migration.py ..       [ 31%]
tests/integration/migrations/test_vector_migration.py .........          [ 31%]
tests/integration/migrations/test_working_memory_migration.py .......... [ 31%]
......                                                                   [ 31%]
tests/integration/recall/test_fts_recall_fts.py ...............          [ 31%]
tests/integration/recall/test_fts_recall_recall.py ..................... [ 32%]
........                                                                 [ 32%]
tests/integration/recall/test_fts_recall_usage.py ...........            [ 32%]
tests/integration/recall/test_graph_http_fallbacks.py ...                [ 32%]
tests/integration/recall/test_graph_profile_concurrency.py .......       [ 32%]
tests/integration/recall/test_graph_profile_graph.py ................... [ 32%]
........................................................................ [ 32%]
......................................                                   [ 33%]
tests/integration/recall/test_graph_profile_jobs.py .........            [ 33%]
tests/integration/recall/test_graph_profile_privacy_and_consistency.py . [ 33%]
..........                                                               [ 33%]
tests/integration/recall/test_graph_profile_profile.py ................. [ 33%]
....                                                                     [ 33%]
tests/integration/recall/test_graph_profile_recall.py .................. [ 33%]
............................                                             [ 33%]
tests/integration/recall/test_graph_runtime_budgets.py ........          [ 33%]
tests/integration/recall/test_graph_runtime_races.py ................... [ 33%]
........................................................................ [ 34%]
........................................................................ [ 34%]
........................................................................ [ 35%]
...............                                                          [ 35%]
tests/integration/recall/test_projection_deletion_publication.py ....... [ 35%]
...................F                                                     [ 35%]
tests/integration/recall/test_provider_deadline_and_circuit_probe.py ... [ 35%]
.                                                                        [ 35%]
tests/integration/recall/test_recall.py ...........................      [ 35%]
tests/integration/recall/test_recall_backlog_identity_and_replay.py .... [ 35%]
...........                                                              [ 36%]
tests/integration/recall/test_recall_deadline_scope_and_rebuild.py ..... [ 36%]
...............                                                          [ 36%]
tests/integration/recall/test_recall_publication_revalidation.py ....... [ 36%]
......                                                                   [ 36%]
tests/integration/recall/test_vector.py ............................     [ 36%]
tests/integration/recall/test_vector_concurrency.py .......              [ 36%]
tests/integration/recall/test_vector_crash_freshness_and_isolation.py .. [ 36%]
......................                                                   [ 36%]
tests/integration/recall/test_vector_idmap.py ........                   [ 36%]
tests/integration/recall/test_vector_provider.py ....................... [ 36%]
..                                                                       [ 36%]
tests/integration/recall/test_vector_recall.py ...........               [ 36%]
tests/integration/recovery/test_backup.py .......................        [ 37%]
tests/integration/recovery/test_console_operation_restore.py ........    [ 37%]
tests/integration/recovery/test_memory_backup.py .                       [ 37%]
tests/integration/recovery/test_memory_forget_commit_and_restore_atomicity.py . [ 37%]
...........                                                              [ 37%]
tests/integration/recovery/test_memory_legacy_restore_and_ledger_identity.py . [ 37%]
.......                                                                  [ 37%]
tests/integration/recovery/test_memory_resurrection.py .......           [ 37%]
tests/integration/recovery/test_recall_visibility_and_resurrection.py .. [ 37%]
......                                                                   [ 37%]
tests/integration/recovery/test_release_packaging.py .........           [ 37%]
tests/integration/recovery/test_trigger_backup_configuration.py .        [ 37%]
tests/integration/runtime/test_backpressure_health.py .................. [ 37%]
......                                                                   [ 37%]
tests/integration/runtime/test_http_recall_assembly.py ................. [ 37%]
...                                                                      [ 37%]
tests/integration/runtime/test_http_recall_provider_faults.py .........  [ 37%]
tests/integration/runtime/test_identity_registry.py .................... [ 37%]
.                                                                        [ 37%]
tests/integration/runtime/test_observations.py ......................... [ 38%]
.........                                                                [ 38%]
tests/integration/runtime/test_outbox.py ............................... [ 38%]
.........                                                                [ 38%]
tests/integration/runtime/test_provisioning.py ................          [ 38%]
tests/integration/runtime/test_release_surface.py ...................... [ 38%]
..........................                                               [ 38%]
tests/integration/runtime/test_runtime.py ......                         [ 38%]
tests/integration/runtime/test_runtime_authorization_fencing_and_health.py . [ 38%]
..............................................                           [ 39%]
tests/integration/runtime/test_scheduler.py ..........................   [ 39%]
tests/integration/runtime/test_surface.py .............................. [ 39%]
....                                                                     [ 39%]
tests/integration/runtime/test_task_event_surface_gate.py .............. [ 39%]
....................                                                     [ 39%]
tests/unit/test_cli.py .......                                           [ 39%]
tests/unit/test_contract_compatibility.py ...                            [ 39%]
tests/unit/test_contract_counts.py ....                                  [ 39%]
tests/unit/test_contract_generation.py ....                              [ 40%]
tests/unit/test_domain.py ..                                             [ 40%]
tests/unit/test_domain_rules.py ........                                 [ 40%]
tests/unit/test_graph_profile_domain.py ...........................      [ 40%]
tests/unit/test_identity_rules.py ........                               [ 40%]
tests/unit/test_import_boundaries.py ...                                 [ 40%]
tests/unit/test_ingestion_domain.py ......................F............. [ 40%]
..............                                                           [ 40%]
tests/unit/test_memory_domain.py ....................................... [ 40%]
........................................................................ [ 41%]
........................................................................ [ 41%]
........................................................................ [ 42%]
........................................................................ [ 42%]
........................................................................ [ 43%]
........................................................................ [ 43%]
........................................................................ [ 44%]
........................................................................ [ 44%]
........................................................................ [ 45%]
........................................................................ [ 45%]
........................................................................ [ 46%]
........................................................................ [ 46%]
........................................................................ [ 47%]
........................................................................ [ 47%]
........................................................................ [ 48%]
........................................................................ [ 48%]
........................................................................ [ 49%]
........................................................................ [ 49%]
........................................................................ [ 50%]
........................................................................ [ 50%]
........................................................................ [ 51%]
........................................................................ [ 51%]
........................................................................ [ 52%]
........................................................................ [ 52%]
........................................................................ [ 53%]
........................................................................ [ 53%]
........................................................................ [ 54%]
........................................................................ [ 54%]
........................................................................ [ 55%]
........................................................................ [ 55%]
........................................................................ [ 56%]
........................................................................ [ 56%]
........................................................................ [ 56%]
........................................................................ [ 57%]
........................................................................ [ 57%]
........................................................................ [ 58%]
........................................................................ [ 58%]
........................................................................ [ 59%]
........................................................................ [ 59%]
........................................................................ [ 60%]
........................................................................ [ 60%]
...............                                                          [ 60%]
tests/unit/test_persona_domain.py ....                                   [ 61%]
tests/unit/test_promotion_bounds.py ..                                   [ 61%]
tests/unit/test_reflection.py .......................................... [ 61%]
........................................................................ [ 61%]
........................................................................ [ 62%]
........................................................................ [ 62%]
........................................................................ [ 63%]
........................................................................ [ 63%]
........................................................................ [ 64%]
........................................................................ [ 64%]
........................................................................ [ 65%]
........................................................................ [ 65%]
........................................................................ [ 66%]
........................................................................ [ 66%]
........................................................................ [ 67%]
........................................................................ [ 67%]
........................................................................ [ 68%]
........................................................................ [ 68%]
........................................................................ [ 69%]
........................................................................ [ 69%]
........................................................................ [ 70%]
........................................................................ [ 70%]
........................................................................ [ 71%]
........................................................................ [ 71%]
........................................................................ [ 72%]
........................................................................ [ 72%]
........................................................................ [ 73%]
........................................................................ [ 73%]
........................................................................ [ 73%]
........................................................................ [ 74%]
........................................................................ [ 74%]
...........................................                              [ 75%]
tests/unit/test_task_event_domain.py ................................... [ 75%]
........................................................................ [ 75%]
........................................................................ [ 76%]
........................................................................ [ 76%]
........................................................................ [ 77%]
........................................................................ [ 77%]
........................................................................ [ 78%]
........................................................................ [ 78%]
........................................................................ [ 79%]
........................................................................ [ 79%]
........................................................................ [ 80%]
........................................................................ [ 80%]
........................................................................ [ 81%]
........................................................................ [ 81%]
........................................................................ [ 82%]
........................................................................ [ 82%]
........................................................................ [ 83%]
........................................................................ [ 83%]
........................................................................ [ 84%]
........................................................................ [ 84%]
........................................................................ [ 85%]
........................................................................ [ 85%]
........................................................................ [ 86%]
........................................................................ [ 86%]
........................................................................ [ 87%]
........................................................................ [ 87%]
........................................................................ [ 88%]
........................................................................ [ 88%]
........................................................................ [ 89%]
........................................................................ [ 89%]
........................................................................ [ 90%]
........................................................................ [ 90%]
........................................................................ [ 91%]
........................................................................ [ 91%]
........................................................................ [ 92%]
........................................................................ [ 92%]
........................................................................ [ 92%]
........................................................................ [ 93%]
........................................................................ [ 93%]
........................................................................ [ 94%]
........................................................................ [ 94%]
........................................................................ [ 95%]
........................................................................ [ 95%]
........................................................................ [ 96%]
........................................................................ [ 96%]
........................................................................ [ 97%]
........................................................................ [ 97%]
........................................................................ [ 98%]
........................................................................ [ 98%]
........................................................................ [ 99%]
...................................................                      [ 99%]
tests/unit/test_vector_domain.py ............................            [ 99%]
tests/unit/test_working_memory_domain.py ...................             [ 99%]
sdk/python/tests/test_fixtures.py ..                                     [100%]

=================================== FAILURES ===================================
___________ test_backfill_historic_tombstone_without_duplicate[True] ___________

clocked_store = <iris_memory_core.storage.uow.Store object at 0x10e11ad80>
clocked_tenant_id = 'tenant-a'
tmp_path = PosixPath('/private/var/folders/vr/xq2gyj_j1w5f2rbw5h06rtqw0000gn/T/pytest-of-cassia/pytest-45/test_backfill_historic_tombsto0')
before_creation = True

    @pytest.mark.parametrize("before_creation", [True, False])
    def test_backfill_historic_tombstone_without_duplicate(
        clocked_store: Any, clocked_tenant_id: str, tmp_path: Path, before_creation: bool
    ) -> None:
        old = tmp_path / "old"
        old.mkdir()
        for migration in default_migrations_path().glob("*.sql"):
            if int(migration.name[:4]) <= 16:
                shutil.copyfile(migration, old / migration.name)
        database = tmp_path / "legacy.sqlite3"
        MigrationRunner(database, old).migrate()
        store = Store(
            SQLiteRuntime(database, allowed_versions=(sqlite_runtime_version(),)),
            clock=clocked_store.clock,
            verify_schema_window=False,
        )
        with store.write() as tx:
            tx.insert_tenant(clocked_tenant_id, status="active")
        access = access_for(clocked_tenant_id, admin=True)
        identities = IdentityService(store)
        backups = BackupService(store)
        backup = tmp_path / "before-historic-deletion"
        if before_creation:
            backups.create_backup(backup)
        historic = identities.create_entity(access, EntityKind.PERSON)
        newer = identities.create_entity(access, EntityKind.PERSON)
        if not before_creation:
            backups.create_backup(backup)
        with store.write() as tx:
            marker = tx.record_tombstone(
                tenant_id=clocked_tenant_id,
                resource_type="entity",
                resource_id=historic.id,
                reason_code="historic",
                deleted_by="admin",
            )
        identities.tombstone_entity(access, newer.id, expected_revision=1, reason="new")
        migrations = tmp_path / "migrations"
        shutil.copytree(default_migrations_path(), migrations)
        runner = MigrationRunner(store.runtime.database, migrations)
        with pytest.raises(MigrationNotOnlineSafe):
            runner.migrate()
        with pytest.raises(MigrationNotOnlineSafe):
            runner.migrate(allow_offline=True)
>       assert [m.version for m in runner.migrate(allow_offline=True, backup_performed=True)] == [
            17,
            18,
            19,
            20,
        ]
E       assert [17, 18, 19, 20, 21] == [17, 18, 19, 20]
E         
E         Left contains one more item: 21
E         
E         Full diff:
E           [
E               17,
E               18,
E               19,
E               20,
E         +     21,
E           ]

tests/integration/memory/test_entity_tombstone_ledger.py:139: AssertionError
__________ test_backfill_historic_tombstone_without_duplicate[False] ___________

clocked_store = <iris_memory_core.storage.uow.Store object at 0x11089fad0>
clocked_tenant_id = 'tenant-a'
tmp_path = PosixPath('/private/var/folders/vr/xq2gyj_j1w5f2rbw5h06rtqw0000gn/T/pytest-of-cassia/pytest-45/test_backfill_historic_tombsto1')
before_creation = False

    @pytest.mark.parametrize("before_creation", [True, False])
    def test_backfill_historic_tombstone_without_duplicate(
        clocked_store: Any, clocked_tenant_id: str, tmp_path: Path, before_creation: bool
    ) -> None:
        old = tmp_path / "old"
        old.mkdir()
        for migration in default_migrations_path().glob("*.sql"):
            if int(migration.name[:4]) <= 16:
                shutil.copyfile(migration, old / migration.name)
        database = tmp_path / "legacy.sqlite3"
        MigrationRunner(database, old).migrate()
        store = Store(
            SQLiteRuntime(database, allowed_versions=(sqlite_runtime_version(),)),
            clock=clocked_store.clock,
            verify_schema_window=False,
        )
        with store.write() as tx:
            tx.insert_tenant(clocked_tenant_id, status="active")
        access = access_for(clocked_tenant_id, admin=True)
        identities = IdentityService(store)
        backups = BackupService(store)
        backup = tmp_path / "before-historic-deletion"
        if before_creation:
            backups.create_backup(backup)
        historic = identities.create_entity(access, EntityKind.PERSON)
        newer = identities.create_entity(access, EntityKind.PERSON)
        if not before_creation:
            backups.create_backup(backup)
        with store.write() as tx:
            marker = tx.record_tombstone(
                tenant_id=clocked_tenant_id,
                resource_type="entity",
                resource_id=historic.id,
                reason_code="historic",
                deleted_by="admin",
            )
        identities.tombstone_entity(access, newer.id, expected_revision=1, reason="new")
        migrations = tmp_path / "migrations"
        shutil.copytree(default_migrations_path(), migrations)
        runner = MigrationRunner(store.runtime.database, migrations)
        with pytest.raises(MigrationNotOnlineSafe):
            runner.migrate()
        with pytest.raises(MigrationNotOnlineSafe):
            runner.migrate(allow_offline=True)
>       assert [m.version for m in runner.migrate(allow_offline=True, backup_performed=True)] == [
            17,
            18,
            19,
            20,
        ]
E       assert [17, 18, 19, 20, 21] == [17, 18, 19, 20]
E         
E         Left contains one more item: 21
E         
E         Full diff:
E           [
E               17,
E               18,
E               19,
E               20,
E         +     21,
E           ]

tests/integration/memory/test_entity_tombstone_ledger.py:139: AssertionError
________ test_recall_identity_migration_preserves_rows_and_composite_fk ________

tmp_path = PosixPath('/private/var/folders/vr/xq2gyj_j1w5f2rbw5h06rtqw0000gn/T/pytest-of-cassia/pytest-45/test_recall_identity_migration0')

    def test_recall_identity_migration_preserves_rows_and_composite_fk(tmp_path: Path) -> None:
        database = tmp_path / "migration.sqlite3"
        migrate_through(database, 13)
        with sqlite3.connect(database) as db:
            # Minimal relational fixtures are copied from the actual pre-migration schema.
            db.execute(
                "INSERT INTO tenants (id, status, created_us, created_at) "
                "VALUES ('t1', 'active', 1, 'test')"
            )
            db.execute(
                "INSERT INTO agents (id, tenant_id, display_name, status, created_us, created_at) "
                "VALUES ('a1', 't1', 'A', 'active', 1, 'test')"
            )
            db.execute(
                "INSERT INTO recall_requests VALUES "
                "('same', 't1', 'a1', 0, 1, 0, 1, 3, 1, 0, '[]', 0, 'fingerprint', '[]', '{}', 1)"
            )
            db.execute(
                "INSERT INTO recall_usage_reports VALUES "
                "('usage', 't1', 'same', 'a1', 'app', 'cycle', 0, '[]', '[]', 1, 1)"
            )
            requests = db.execute("SELECT * FROM recall_requests").fetchall()
            usage = db.execute("SELECT * FROM recall_usage_reports").fetchall()
        applied = MigrationRunner(database).migrate(allow_offline=True, backup_performed=True)
>       assert [item.version for item in applied] == [14, 15, 16, 17, 18, 19, 20]
E       assert [14, 15, 16, 17, 18, 19, ...] == [14, 15, 16, 17, 18, 19, ...]
E         
E         Left contains one more item: 21
E         
E         Full diff:
E           [
E               14,
E               15,
E               16,
E               17,
E               18,
E               19,
E               20,
E         +     21,
E           ]

tests/integration/recall/test_projection_deletion_publication.py:471: AssertionError
_____________ TestJobKindRegistry.test_only_safe_handlers_enabled ______________

self = <test_ingestion_domain.TestJobKindRegistry object at 0x10b24e150>

    def test_only_safe_handlers_enabled(self) -> None:
        # Phase 10 enabled set: every kind has an implemented + tested
        # handler; no other kind is claimable (fail closed, §16).
>       assert (
            frozenset(
                {
                    "maintenance.selfcheck",
                    "surface.lease_revoked",
                    "observation.recorded",
                    "recent_context.maintenance",
                    "focus.maintenance",
                    "state.projection",
                    "note.review",
                    "task.trigger_scan",
                    "note.changed",
                    "task.changed",
                    "cognitive_event.changed",
                    "claim.changed",
                    "episode.changed",
                    "relation.changed",
                    "fts.apply",
                    "fts.rebuild",
                    "fts.cleanup",
                    "vector.apply",
                    "vector.rebuild",
                    "vector.cleanup",
                    "graph.apply",
                    "graph.rebuild",
                    "graph.cleanup",
                    "profile.apply",
                    "profile.rebuild",
                    "profile.cleanup",
                    "memory.invalidated",
                    "retention.compaction",
                    "persona.revised",
                    "persona.revision_invalidated",
                    "persona.state_expire",
                    "episode.consolidation",
                    "memory.reconciliation",
                    "reflection.generate",
                    "persona.evaluation",
                    "console.memory_forget",
                }
            )
            == ENABLED_JOB_KINDS
        )
E       AssertionError: assert frozenset({'c...enance', ...}) == frozenset({'c...dation', ...})
E         
E         Extra items in the right set:
E         'console.trusted_backup'
E         
E         Full diff:
E           frozenset({
E               'claim.changed',
E               'cognitive_event.changed',
E               'console.memory_forget',
E         -     'console.trusted_backup',
E               'episode.changed',
E               'episode.consolidation',
E               'focus.maintenance',
E               'fts.apply',
E               'fts.cleanup',
E               'fts.rebuild',
E               'graph.apply',
E               'graph.cleanup',
E               'graph.rebuild',
E               'maintenance.selfcheck',
E               'memory.invalidated',
E               'memory.reconciliation',
E               'note.changed',
E               'note.review',
E               'observation.recorded',
E               'persona.evaluation',
E               'persona.revised',
E               'persona.revision_invalidated',
E               'persona.state_expire',
E               'profile.apply',
E               'profile.cleanup',
E               'profile.rebuild',
E               'recent_context.maintenance',
E               'reflection.generate',
E               'relation.changed',
E               'retention.compaction',
E               'state.projection',
E               'surface.lease_revoked',
E               'task.changed',
E               'task.trigger_scan',
E               'vector.apply',
E               'vector.cleanup',
E               'vector.rebuild',
E           })

tests/unit/test_ingestion_domain.py:163: AssertionError
=============================== warnings summary ===============================
.venv/lib/python3.12/site-packages/fastapi/testclient.py:1
  /Users/cassia/Local/Code/iris_memory_core/.venv/lib/python3.12/site-packages/fastapi/testclient.py:1: StarletteDeprecationWarning: Using `httpx` with `starlette.testclient` is deprecated; install `httpx2` instead.
    from starlette.testclient import TestClient as TestClient  # noqa

.venv/lib/python3.12/site-packages/starlette/testclient.py:53
  /Users/cassia/Local/Code/iris_memory_core/.venv/lib/python3.12/site-packages/starlette/testclient.py:53: DeprecationWarning: The anyio.abc.BlockingPortal alias is deprecated, use anyio.from_thread.BlockingPortal instead.
    _PortalFactoryType = Callable[[], AbstractContextManager[anyio.abc.BlockingPortal]]

-- Docs: https://docs.pytest.org/en/stable/how-to/capture-warnings.html
================================ tests coverage ================================
______________ coverage: platform darwin, python 3.12.13-final-0 _______________

Name                                                            Stmts   Miss Branch BrPart  Cover   Missing
-----------------------------------------------------------------------------------------------------------
sdk/python/src/iris_memory_sdk/client.py                          452     45    102     17    89%   58, 60, 174, 202, 204, 206, 231, 233, 327, 330->332, 350, 356, 358, 384, 459, 640, 1124, 1261-1269, 1286-1293, 1303-1313, 1316-1317, 1340-1354, 1363-1372, 1389-1396, 1401-1408, 1413-1420, 1429-1438
sdk/python/src/iris_memory_sdk/models.py                         1537    407    980    325    69%   16-17, 31, 60, 77, 83, 85, 89, 97, 102, 104-105, 109, 111, 114, 119-131, 163, 167-168, 170, 173-174, 178, 181, 185, 198, 204, 209, 213, 215, 218, 224, 227, 229, 232, 238, 242, 248, 254, 258, 260, 263, 266, 272, 277, 283, 287, 289, 291, 297, 301, 303, 305, 311, 317, 320, 322, 325, 332, 336, 339, 342, 348, 358, 366, 372, 374, 379, 385, 391-392, 395-396, 399, 401, 403, 409, 416, 423, 427-428, 432, 438, 443, 448, 453, 463, 496, 499, 504, 511, 514, 525, 528->530, 536, 543-545, 548, 551, 559, 569, 572, 575, 577, 583-590, 594-609, 614, 624, 627, 630, 634, 644, 650, 653, 658-671, 676, 678->680, 682, 685, 691-700, 705, 708->710, 712, 715, 718, 721, 723, 724->728, 734, 740, 742, 745, 751, 757, 763, 768-775, 830, 837, 845-846, 849-850, 853, 870-871, 876-877, 879, 881, 883, 885, 890, 895, 897, 902, 909, 911, 915, 926, 930, 933, 934->936, 939, 942, 949, 966, 968->967, 973, 980, 984, 988, 990, 993, 997, 1000, 1006, 1010-1011, 1020, 1022->1024, 1026-1027, 1036-1037, 1041, 1046, 1051, 1060, 1063, 1066, 1071, 1081, 1087, 1090->1095, 1092, 1100, 1104-1105, 1114, 1119, 1122, 1124->1123, 1130, 1134, 1140, 1145, 1147, 1154, 1161, 1164, 1166->1165, 1172, 1176, 1184, 1190, 1198, 1205, 1214, 1217, 1224, 1236, 1239, 1241->1240, 1245, 1253, 1260, 1263, 1266, 1269, 1276, 1283, 1286, 1290, 1297, 1300, 1302, 1305, 1308, 1315, 1322, 1325, 1327, 1329, 1335, 1339-1340, 1349, 1355, 1364, 1370, 1373, 1376, 1382, 1396-1397, 1404, 1407, 1411, 1429, 1432, 1438, 1442, 1445, 1453, 1456, 1458, 1461, 1464, 1478, 1484, 1496, 1499, 1508, 1510, 1513, 1519, 1522, 1527, 1530, 1533, 1539, 1548, 1565, 1569, 1573, 1583, 1589, 1592, 1595, 1598, 1605, 1609, 1612, 1616-1617, 1623, 1628, 1630, 1635, 1642-1643, 1651, 1660, 1666, 1669, 1672, 1674, 1676, 1678, 1684, 1688, 1691, 1694, 1697, 1705, 1710, 1713, 1717, 1719, 1721, 1727, 1736, 1745, 1749, 1752, 1759, 1763, 1765, 1774, 1778, 1784, 1791, 1799, 1804, 1806, 1808, 1814, 1822, 1827, 1834, 1848, 1852-1853, 1861, 1887, 1905, 1909, 1923, 1929, 1933, 1937-1938, 1941, 1944
src/iris_memory_core/__main__.py                                    1      1      0      0     0%   1
src/iris_memory_core/_resources.py                                 24      2      8      3    84%   28, 31, 36->38
src/iris_memory_core/api/app.py                                   908    137    382     50    83%   119, 125, 127, 138, 141, 166, 169, 206, 218, 221, 225, 233, 236, 239-241, 243, 299, 325, 339, 344-356, 383-384, 386, 393-396, 407-451, 457-468, 617, 626, 715, 734, 745, 970, 1019, 1026-1027, 1035-1036, 1237, 1250-1254, 1318-1321, 1394, 1411, 1422, 1451, 1456, 1459, 1541, 1554, 1560, 1564, 1566->1613, 1571, 1609-1611, 1639-1641, 1689->1697, 1727, 1743, 1765-1766, 1807, 1833, 1857, 1899-1900, 1907-1910, 1912-1913, 1962-1969
src/iris_memory_core/api/console/app.py                           125      6     34      3    93%   61, 84, 112, 129-131
src/iris_memory_core/api/console/auth.py                          115      4     42      2    96%   89-91, 110
src/iris_memory_core/api/console/config.py                         52      3     22      1    95%   16-17, 75
src/iris_memory_core/api/console/crypto.py                         62      5     10      3    89%   22-23, 27, 33, 84
src/iris_memory_core/api/console/errors.py                         46      1     14      1    97%   79
src/iris_memory_core/api/console/key_views.py                      57      1     16      1    97%   123
src/iris_memory_core/api/console/listening.py                      41      3      8      0    90%   26, 69-70
src/iris_memory_core/api/console/offline.py                        41      4      8      4    84%   40, 46, 48, 53
src/iris_memory_core/api/console/resource_views.py                110      3     50      3    96%   93, 97, 154
src/iris_memory_core/api/console/routes_artifacts.py               63      2     26      3    94%   37, 51->56, 53
src/iris_memory_core/api/console/routes_auth.py                   112      9     10      1    90%   81-86, 169-178
src/iris_memory_core/api/console/routes_forget.py                  29      2      6      2    89%   25, 43
src/iris_memory_core/api/console/routes_identity.py                56      3      6      3    90%   58, 104, 119
src/iris_memory_core/api/console/routes_memory.py                 378     28    114     25    89%   51, 118, 139, 163, 188, 208, 233, 253, 290, 311-312, 352, 359, 381-382, 422, 424, 446-447, 487, 513, 559, 572, 621, 690, 742, 833, 936
src/iris_memory_core/api/console/routes_operations.py              74      1     10      1    98%   55
src/iris_memory_core/api/console/routes_persona_policy.py          48      1     10      1    97%   138
src/iris_memory_core/api/console/routes_persona_proposals.py       40      1      2      0    98%   154
src/iris_memory_core/api/console/routes_personas.py                36      1      4      1    95%   21
src/iris_memory_core/api/errors.py                                 47      3     14      1    93%   82, 137-138
src/iris_memory_core/api/views.py                                 137      8     12      4    92%   79-80, 115, 123, 125, 127, 846, 895
src/iris_memory_core/application/artifacts.py                     218     25     72     19    84%   110, 143, 213, 215, 234, 275, 279, 281, 284-285, 297, 300, 305, 310, 333, 380, 385, 452, 457, 490, 571-574, 614
src/iris_memory_core/application/backpressure.py                  144      7     36      5    93%   52, 54, 56, 172-173, 176-177
src/iris_memory_core/application/console/artifacts.py              65      1      4      1    97%   164
src/iris_memory_core/application/console/authorization.py         127     22     80     11    81%   38-40, 44, 50, 55, 64-70, 88, 128-131, 148, 153, 161, 179
src/iris_memory_core/application/console/backup_operations.py      88      5     24      4    92%   43, 46, 144, 154-155, 156->173
src/iris_memory_core/application/console/claims.py                 64      1      6      1    97%   158
src/iris_memory_core/application/console/commands.py              105     10     46     10    87%   155, 174, 176, 201, 221, 248, 258, 290, 293, 310
src/iris_memory_core/application/console/credentials.py           121     23     54     13    74%   98->97, 101, 133, 140-143, 146, 155-156, 159, 199, 221, 230, 233, 236, 275-296
src/iris_memory_core/application/console/episodes.py               63      1      8      1    97%   157
src/iris_memory_core/application/console/focus.py                  64      2      8      2    94%   92, 160
src/iris_memory_core/application/console/forget.py                274     26    126     24    88%   69, 96, 172, 177, 204, 212, 227, 230-231, 253, 266, 268, 271, 281, 418, 420, 422, 429, 472, 485, 488, 501, 571, 590, 598, 611
src/iris_memory_core/application/console/forget_selection.py       41     11     20      7    70%   33, 40, 42, 45, 48, 51-53, 62-64
src/iris_memory_core/application/console/identity.py              117      7     30      6    91%   43, 105, 149, 152-153, 210, 266, 294->296
src/iris_memory_core/application/console/notes.py                  65      1      8      1    97%   157
src/iris_memory_core/application/console/observations.py           60      1      6      1    97%   152
src/iris_memory_core/application/console/operations.py            177     18     56     18    85%   67, 72, 106, 109, 202, 210, 214, 218, 221, 245, 255, 342, 344, 405, 411, 441, 444, 454
src/iris_memory_core/application/console/persona_policy.py         44      2      4      2    92%   39, 43
src/iris_memory_core/application/console/persona_proposals.py      75      4     16      6    89%   53, 57, 67, 68->95, 78, 86->93
src/iris_memory_core/application/console/persona_states.py         57      2     10      2    94%   46, 50
src/iris_memory_core/application/console/personas.py               50      3      6      3    89%   41, 45, 49
src/iris_memory_core/application/console/reads.py                 182     20     82      9    88%   45, 48, 109-110, 118, 170-178, 187, 189, 234, 323, 326-327
src/iris_memory_core/application/console/relations.py              64      1      8      1    97%   161
src/iris_memory_core/application/console/security.py              286     23    120     22    89%   60, 101, 158, 163, 165, 175, 178, 288, 300, 402-403, 406, 412, 440, 472->exit, 502, 546, 590-598, 616, 622, 632, 657->661, 675, 689->680
src/iris_memory_core/application/console/tasks.py                 148      5     30      5    94%   98, 159, 219, 271, 421
src/iris_memory_core/application/entity_deletion.py                60      4     20      5    89%   32, 68, 137, 139->163, 146
src/iris_memory_core/application/episodes.py                      506     79    206     59    79%   118, 121, 136, 138, 147, 179, 186, 195, 199, 209, 222, 227, 243, 257, 297, 317, 395, 453, 455, 459, 461, 466, 468, 470, 472, 475, 483, 542, 547, 620, 668, 670, 736, 812-813, 825-842, 919, 979, 990, 998, 1038, 1058, 1062, 1105, 1126, 1134, 1181-1182, 1199, 1225, 1278, 1334, 1336, 1340, 1353, 1358, 1365, 1427, 1432, 1605, 1654-1655, 1670, 1677, 1694, 1701
src/iris_memory_core/application/events.py                        347     51    140     39    81%   89, 186, 305, 315, 349, 399, 401, 511, 569-570, 576, 581, 583, 588, 603, 605, 635, 697, 709, 711, 756, 765, 766->754, 772, 775, 786-788, 797, 798->773, 853, 856-857, 862-868, 879, 881, 907, 917, 939, 989, 999, 1118, 1202, 1208, 1223, 1228-1229, 1286-1287, 1289
src/iris_memory_core/application/focus.py                         485     52    188     43    86%   122, 124, 129, 131, 133, 136, 139, 141, 156, 160, 162, 165, 181-182, 249, 260, 295, 303-304, 306, 316, 344, 362, 382, 389, 398-399, 453, 495, 497, 519, 523, 583, 652, 773, 877, 921, 1028, 1032-1033, 1092, 1146-1147, 1189, 1232->1234, 1253->1255, 1269->1271, 1300-1301, 1316, 1382, 1387, 1398, 1453, 1490
src/iris_memory_core/application/forget.py                        533     52    262     46    86%   197->205, 271->277, 333->332, 345->344, 372->350, 398, 402->404, 448, 473, 548, 550, 632, 637, 657, 663, 665-667, 668->672, 671, 680, 716, 758, 791, 801, 816, 831-832, 976, 1083, 1094, 1109, 1120, 1139, 1150, 1182, 1186, 1190, 1194, 1200-1213, 1222, 1226, 1230, 1251, 1283, 1304, 1316, 1334, 1339->1347
src/iris_memory_core/application/health.py                        140     19     34      4    84%   116-117, 119-125, 134-138, 170, 175-176, 209, 229-230, 243
src/iris_memory_core/application/identity.py                      411     24    110     17    92%   262, 345, 349, 352-353, 357-358, 386, 411, 414, 523, 537, 539, 570, 574, 577-578, 583, 599, 610, 625, 665, 680, 1206
src/iris_memory_core/application/memory.py                        533     83    236     60    80%   106, 115, 119, 126, 129, 212, 231, 236-237, 239, 293, 303, 321, 332, 336, 340, 342-369, 390, 392, 403, 414, 416, 421, 423, 454, 456, 474, 491, 506, 510, 513, 516, 522, 582, 584, 587, 589, 592, 651, 653, 666, 669-670, 672, 678, 796, 801, 969, 1035, 1037, 1041, 1044, 1131, 1134-1141, 1164-1165, 1174, 1176, 1262, 1403-1404, 1443, 1457->1497, 1481, 1494, 1495->1457, 1587-1595, 1611, 1666
src/iris_memory_core/application/notes.py                         407     62    136     39    81%   134, 143, 147, 208, 212, 215-216, 231, 302, 410, 491, 497, 506, 521, 576, 580, 591, 593, 617, 651, 653, 712, 742-743, 834, 836, 850-851, 905, 932, 937, 939, 950, 1032, 1071-1072, 1125, 1127, 1137, 1168, 1185, 1190, 1208-1209, 1241-1250, 1293-1294, 1336, 1363-1412, 1446, 1453
src/iris_memory_core/application/observation.py                   362     35    188     37    87%   64, 76, 85, 124, 130, 145, 179, 186, 188, 201, 204-206, 216, 224, 227, 230, 291, 318, 451, 567->569, 573->575, 581, 609, 615, 622, 624, 627, 642, 665, 667, 670, 676, 678, 719->713, 733, 748, 750
src/iris_memory_core/application/outbox.py                        195      6     58      3    96%   372, 377, 382-387, 449
src/iris_memory_core/application/persona.py                       574     63    230     60    85%   85, 103, 135, 160, 173, 177, 198, 252, 314, 366, 385, 441, 494, 552, 583, 587, 602, 604, 666, 771, 782, 789, 802, 806, 816, 833, 848, 917, 919, 984, 994, 996, 1000, 1078-1085, 1115, 1160, 1174, 1182, 1387, 1408, 1419, 1423, 1429, 1435, 1444, 1455, 1459, 1462, 1470, 1481, 1489-1490, 1499, 1514, 1535, 1556, 1559, 1563, 1573, 1592, 1605, 1608
src/iris_memory_core/application/ports/clock.py                    33      4      0      0    88%   21, 42, 45, 48
src/iris_memory_core/application/promotion.py                     123      5     34      5    94%   131, 145, 155, 162, 276
src/iris_memory_core/application/provisioning.py                  210     19     46      5    89%   66, 348->363, 406, 482, 484, 491-492, 501-505, 508-520
src/iris_memory_core/application/recall.py                       1405    201    564    124    82%   238, 274, 376-377, 397, 601, 691, 693->695, 792, 805, 825, 867, 929, 954, 964, 966, 974, 976, 983, 1050, 1088, 1103, 1112, 1155, 1167, 1177-1182, 1190, 1194-1196, 1253, 1292, 1306, 1308, 1315, 1408, 1416, 1483, 1519, 1531, 1534, 1557, 1562, 1596, 1599, 1602, 1604, 1611, 1644, 1648-1649, 1651, 1653, 1662, 1664, 1692, 1768, 1771, 1774, 1776, 1783, 1995, 2078-2087, 2334, 2337, 2339, 2341, 2357, 2359, 2412, 2465-2466, 2468, 2470, 2472, 2474, 2484, 2486, 2498-2499, 2501, 2503, 2505, 2509, 2523-2524, 2526, 2528, 2531, 2542, 2555-2556, 2558, 2560, 2563, 2565, 2574, 2576, 2590-2591, 2595, 2598, 2600, 2608, 2610, 2613, 2615, 2623, 2639-2640, 2643-2661, 2674-2675, 2677, 2679, 2685, 2688, 2697, 2699, 2713-2714, 2718, 2720, 2723, 2726, 2728, 2737, 2739, 2748, 2764, 2766-2767, 2802, 3026, 3125, 3153, 3206, 3279, 3296, 3309->3326, 3328, 3360, 3367-3425, 3430-3489, 3495, 3591, 3599-3600, 3603-3604, 3667, 3699, 3705, 3708, 3717, 3747, 3752
src/iris_memory_core/application/recent.py                        161     18     66     13    85%   69, 89, 93, 97, 145, 206, 217, 223-224, 226, 228, 230, 241, 334-343, 431, 514
src/iris_memory_core/application/reflection.py                    360     65    120     33    79%   91, 93, 99, 105, 112, 115, 120, 123, 194-216, 272, 278, 315-316, 342, 377, 392, 405, 408-413, 432-438, 451, 455, 458, 474, 476, 493-503, 505-514, 518-527, 564, 657, 660, 667, 693-703, 739-745, 776, 816-820, 834, 900, 917, 939-950, 1025, 1043-1064
src/iris_memory_core/application/retention.py                     245     94     98     15    57%   68, 114, 145, 150, 164, 181, 249, 265-266, 290->235, 319, 332, 374->305, 380, 444, 460-491, 496-498, 510-588, 600-649, 654-686, 693-721, 735-759, 802, 806, 812
src/iris_memory_core/application/scheduler.py                     157     12     38      9    89%   68, 118, 120, 122, 190, 216-217, 291-292, 302->308, 351-352, 388
src/iris_memory_core/application/security.py                       46      3     10      3    89%   22, 85, 87
src/iris_memory_core/application/state.py                         222     29     88     24    83%   87, 89, 94, 98, 101, 104, 106, 147, 182, 186, 195, 209, 214, 216, 220, 227, 271, 320, 429, 438-439, 530-535, 585, 663, 677, 702
src/iris_memory_core/application/surface.py                       189      7     56      5    95%   64, 99, 277, 423, 447, 559-560
src/iris_memory_core/application/task_deletion.py                  57      7     34      8    84%   24->36, 27, 30, 33, 56, 62, 66, 77
src/iris_memory_core/application/tasks.py                        1032    139    462    127    82%   149, 156, 173, 175, 179, 190, 230, 240, 246, 249, 256, 258, 307, 336, 344, 349, 360, 363, 365, 404, 406, 410, 412, 414, 416, 431, 499, 506, 528, 572, 623, 625, 685, 706, 723, 725, 807, 809, 826-827, 882, 945->947, 982, 1041, 1067, 1084, 1091, 1101, 1111, 1114, 1135, 1140, 1162, 1245, 1284, 1286, 1290, 1292, 1294, 1296, 1373, 1410, 1481, 1483, 1499-1500, 1504, 1556, 1577, 1586, 1608, 1645, 1653, 1716, 1718, 1725, 1784, 1791, 1796, 1799, 1803, 1815, 1829, 1845->1849, 1848, 1915-1916, 1985, 2000, 2066, 2068, 2126, 2144, 2154, 2254, 2271, 2276, 2278->exit, 2317, 2388, 2407, 2414, 2426, 2429, 2439, 2443, 2445, 2450, 2453-2454, 2456, 2500, 2600, 2651, 2744->2726, 2756-2757, 2758->2760, 2844->2860, 2856-2857, 2884-2885, 2886->2908, 2896-2897, 2898->2908, 2966->2968, 2970, 2972->2978, 3010, 3014, 3016, 3074, 3080, 3093, 3100-3108, 3179, 3283, 3297->3262, 3300, 3311
src/iris_memory_core/application/write_support.py                  98     13     52     11    84%   119, 123, 125, 128, 144-145, 170, 174, 189, 192, 194, 279, 281
src/iris_memory_core/bootstrap.py                                  77      6     18      5    88%   62, 64, 73, 87-88, 108
src/iris_memory_core/cli.py                                       125      9     30      5    90%   18-21, 138, 140, 193-194, 206
src/iris_memory_core/coordinator/__init__.py                        2      2      0      0     0%   12-17
src/iris_memory_core/domain/access.py                              35      2     10      2    91%   52, 65
src/iris_memory_core/domain/console.py                            140      5     14      5    94%   31, 35, 38, 104, 112
src/iris_memory_core/domain/console_operations.py                  79      1      2      1    98%   51
src/iris_memory_core/domain/errors.py                             100      2      2      0    98%   131-132
src/iris_memory_core/domain/event.py                               92      4     16      4    93%   73, 75, 167, 169
src/iris_memory_core/domain/focus.py                              128      6     36      5    93%   133, 136, 160, 186, 188, 260
src/iris_memory_core/domain/fts.py                                139      4     16      4    95%   96, 98, 174, 183
src/iris_memory_core/domain/graph.py                              176      6     26      6    94%   155, 157, 159, 161, 165, 167
src/iris_memory_core/domain/jobs.py                               109      7     16      6    90%   74, 440, 469, 471, 473, 475, 509
src/iris_memory_core/domain/memory.py                             431     29    120     31    89%   256, 258, 265, 267, 274, 276, 278, 299, 303, 305, 364->371, 367, 373, 381, 386, 400, 406->420, 409, 412, 419, 478, 486, 743, 745, 759, 777, 779, 811, 815, 817, 820
src/iris_memory_core/domain/model.py                              252      3     32      3    98%   281, 315, 335
src/iris_memory_core/domain/note.py                                98      8     14      6    88%   85, 87, 94, 96, 98, 159, 194-196
src/iris_memory_core/domain/observation.py                        123      5     26      6    93%   81->exit, 124, 126, 140, 146, 148
src/iris_memory_core/domain/persona.py                            220     20     68     18    86%   192, 195, 199, 218, 225, 233, 235, 237-239, 256, 263, 268, 274, 287, 292, 296, 302, 305, 308
src/iris_memory_core/domain/privacy.py                             63      6     34      2    92%   74-76, 82-84
src/iris_memory_core/domain/profile.py                            216      3     38      2    98%   150, 152, 228
src/iris_memory_core/domain/recall.py                             159      4     50      4    96%   101, 104, 155, 210
src/iris_memory_core/domain/recent.py                             159     22     48     16    80%   78, 154, 159-163, 282, 315, 317, 320, 324, 326, 328, 330, 332, 337, 339, 344, 349, 353, 355
src/iris_memory_core/domain/reflection.py                         288     21     68     14    88%   121, 135, 295, 324, 326-329, 335, 355, 360-361, 367, 379, 384, 392, 424, 429, 437, 447-448
src/iris_memory_core/domain/retention.py                          141      7     38      7    92%   174, 178, 180, 182, 203, 207, 312
src/iris_memory_core/domain/schedule.py                           168     12     46      5    91%   86, 91, 96, 114, 117-119, 162, 220-223
src/iris_memory_core/domain/scope.py                               50      6     24      2    86%   40, 44-46, 49, 82
src/iris_memory_core/domain/state.py                              148     21     44     14    81%   67, 69, 71, 73, 75, 130, 197-198, 217, 248, 251-252, 262, 266, 268, 276-278, 281, 291, 293
src/iris_memory_core/domain/surface.py                             59      3     10      3    91%   55, 61, 63
src/iris_memory_core/domain/task.py                               347     26    106     16    89%   217, 219, 294, 296, 385, 479, 487-491, 509, 520, 543, 572-574, 593-595, 640, 642, 644, 646, 662, 680
src/iris_memory_core/domain/vector.py                             211      9     54      7    94%   131, 234, 236, 265, 357, 364, 366, 447, 457
src/iris_memory_core/indexing/faiss.py                             90      9     22      7    86%   30-31, 61, 89, 91, 96, 110, 142, 144
src/iris_memory_core/indexing/fts.py                              234     33     86     17    82%   187->168, 245-246, 270, 343, 346, 367, 370, 382-388, 432, 438-444, 448, 451-455, 487, 493, 500, 527, 540-543, 554
src/iris_memory_core/indexing/graph.py                            355     48    164     31    84%   105-106, 112->116, 146, 177, 206, 209, 284, 288, 332->exit, 334-335, 354, 362, 413, 415, 417-418, 460-461, 495-496, 500, 502, 533-534, 536, 538, 541, 572->574, 581->583, 591-594, 609-610, 641, 657-658, 662, 681, 692-693, 695, 699, 713, 726->732, 753-754, 771-773
src/iris_memory_core/indexing/profile.py                          390     49    178     39    84%   134-135, 138-139, 167, 193, 195->191, 199->197, 240, 244, 287->exit, 289-291, 310, 313, 327->339, 333-334, 347, 353->360, 359, 363-364, 367->373, 375-376, 381->388, 393, 415, 418-419, 423, 425, 431, 433, 443-444, 448, 468-470, 513, 559->570, 589, 598-599, 601, 616, 622, 625, 640, 657, 723, 747, 754, 766, 774, 795->793, 801->793
src/iris_memory_core/indexing/vector.py                           757     97    272     56    84%   205-211, 230->214, 261, 411-415, 471-472, 494, 550-553, 577-578, 580, 583, 588, 602, 609, 616, 618, 623, 626, 654, 658, 660, 663, 667, 680, 690, 693, 696-697, 699, 717, 720, 725-726, 728, 739->737, 769, 773-774, 891, 941->exit, 943-945, 952, 981, 997-999, 1036-1037, 1136->1143, 1139-1142, 1144, 1147-1148, 1296, 1307, 1319-1324, 1378, 1393, 1399-1405, 1409, 1412-1416, 1437, 1443, 1446, 1448, 1452, 1464, 1479-1480, 1505, 1527, 1530, 1583, 1611->1613, 1637-1639
src/iris_memory_core/jobs/handlers.py                             446     90    120     42    75%   63, 196-199, 240, 265, 293, 298, 300, 302, 305, 334, 390, 417, 436, 439, 442, 461, 482, 504, 506, 541, 547-548, 558-565, 567, 585, 587, 590->exit, 621, 623, 672-701, 719, 721, 724->exit, 763, 766, 769, 771, 774, 778, 780, 790->792, 860-874, 883-892, 901-906, 925, 999, 1061, 1111-1116, 1129-1160, 1182, 1184
src/iris_memory_core/jobs/worker.py                               109      5     20      3    94%   55, 276, 281, 313-316, 330->323
src/iris_memory_core/observability/logging.py                      59      2     22      4    93%   93, 116, 147->150, 148->147
src/iris_memory_core/observability/metrics.py                      87     11     12      1    88%   82, 127, 130, 133, 136, 139, 150, 155, 191-193
src/iris_memory_core/providers/cognitive.py                       305     57     86     24    77%   32-33, 48, 50, 52, 54, 56, 58, 93, 101, 113-117, 141->146, 143->146, 185-186, 195-196, 252, 263, 267-271, 284, 309->exit, 311->exit, 318, 339-350, 371, 404->391, 406-407, 426, 431-433, 478-483, 508, 510-511, 545-547, 557-559
src/iris_memory_core/providers/embedding.py                       295     26     78     16    88%   92, 94, 99, 101, 103, 105, 158, 231->exit, 355, 390-391, 438-439, 446, 450, 523, 527-529, 531, 535, 581, 602, 607-608, 612-613
src/iris_memory_core/recall_runtime.py                             42      1     10      2    94%   56->60, 58
src/iris_memory_core/runtime.py                                   186     18     80     17    85%   100->111, 112, 114, 116, 124, 127, 134, 140, 155, 178-181, 194, 198, 206->208, 215, 296-297, 304->310, 308, 311->315
src/iris_memory_core/storage/admin_archives.py                    104     15     30      9    79%   58, 66, 75->98, 87, 96->98, 108, 120-121, 127-130, 139, 152-155
src/iris_memory_core/storage/backup.py                           1005    134    464     85    84%   72, 79, 105, 108, 114, 140-142, 153, 158, 177-179, 190, 194, 196, 201, 213, 225, 227, 310, 313-314, 348, 383, 400, 420, 440-441, 443, 445-447, 457->474, 462-464, 471, 473, 588, 597, 622, 626, 633, 800, 807-808, 810-811, 814-816, 873, 884, 915, 937->944, 943, 949-950, 952, 998-1001, 1040-1043, 1072->1089, 1089->1106, 1107-1110, 1121-1122, 1124, 1148, 1156, 1160, 1166, 1171, 1198, 1207, 1211-1212, 1217, 1228, 1243-1244, 1246-1250, 1270, 1294, 1310-1313, 1318-1322, 1331-1334, 1352, 1362, 1423, 1430, 1437, 1462, 1475, 1482, 1505, 1519, 1533, 1598-1600, 1718, 1725, 1731, 1752, 1770, 1771->1778, 1784, 1797, 1803, 1810, 1817, 1830, 1837, 1844, 1934, 1940, 1986-1987, 1998->1994, 2018, 2043, 2075
src/iris_memory_core/storage/cognitive.py                         261      9     38      8    94%   346-347, 400, 418, 457, 706->709, 784, 816, 867-868, 947->950, 994->998
src/iris_memory_core/storage/console.py                           104      6     10      3    92%   76, 106, 157-158, 268-271
src/iris_memory_core/storage/console_operation_restore.py          76      3     28      4    93%   25, 38, 69, 182->184
src/iris_memory_core/storage/console_operations.py                 93     10     36      9    85%   50, 73-75, 106, 126, 127->138, 179-180, 182-183, 212
src/iris_memory_core/storage/console_reads.py                     335     28    172     24    89%   355-356, 361, 376, 377->363, 413, 448, 450, 452, 483-484, 492-493, 495-496, 520, 523-524, 544-545, 576->600, 596->577, 685-686, 707-711, 733-735, 738->742, 756->758, 760, 807->813, 846, 869->872, 877->896
src/iris_memory_core/storage/fts.py                               195     22     40      8    86%   39-40, 46, 117, 127, 139, 153-157, 215, 219-223, 309, 652, 678-681, 704, 767
src/iris_memory_core/storage/idempotency.py                       148     16     38      5    88%   127-136, 179, 255, 280, 346, 366->363, 437, 448-461, 478-479, 483
src/iris_memory_core/storage/memory.py                            734     91    140     33    86%   93, 100, 107, 261-262, 319-320, 351-352, 416-419, 431-432, 438-442, 644-645, 708-709, 760-761, 763-764, 772-773, 775-776, 846-847, 928-929, 945-950, 978-986, 1031-1033, 1068-1071, 1074-1079, 1148-1149, 1151-1152, 1176-1178, 1191, 1375-1376, 1429-1430, 1501->1504, 1539-1544, 1640-1641, 1650, 1787, 1875-1876, 1903, 1919, 1926, 1936, 1942, 1946-1949, 1959, 1961, 2032-2037, 2040-2045, 2180-2184, 2225-2226, 2247, 2310->2313, 2313->2316, 2316->2319, 2343-2344, 2384->2387, 2387->2390, 2390->2393, 2429-2435, 2438-2445, 2448-2453
src/iris_memory_core/storage/migrations.py                        246     14     70      8    92%   217, 236, 253, 261->282, 266-271, 282->335, 341, 346-349, 585->587, 635-636
src/iris_memory_core/storage/persona.py                           152     18     44     15    83%   39, 183-184, 190, 198, 209-211, 217-219, 259, 274, 327, 374, 407, 444, 479, 485, 540->538
src/iris_memory_core/storage/plans.py                             533     47     90     17    89%   84->87, 133, 140, 227, 277-278, 378-379, 409->413, 413->422, 423-424, 476-483, 712-715, 742-745, 789, 814, 862-863, 980->984, 1055, 1085-1086, 1204-1208, 1269-1270, 1352-1359, 1386, 1429-1430, 1504->1507, 1549->1552, 1609-1613, 1659-1665, 1774, 1829-1830, 1934-1935, 1989
src/iris_memory_core/storage/projection.py                        315     52     78     16    81%   48-49, 52, 58-59, 61, 64->63, 101, 114-118, 165, 169-173, 194-219, 298, 303, 423, 428->437, 432, 464-468, 498, 510-514, 642-647, 671, 680-685, 693-698, 718, 870->879, 874, 908
src/iris_memory_core/storage/reflection.py                        192     17     22      7    89%   40, 99-104, 123-141, 217, 232, 381, 502-509, 552, 584, 594-599, 701-702, 797
src/iris_memory_core/storage/repositories.py                      428     29     62     10    91%   122, 441, 490, 531, 534, 600, 803, 893, 960, 1064, 1111-1112, 1124-1127, 1156-1159, 1211, 1307-1309, 1578-1587
src/iris_memory_core/storage/spine.py                             393     23     66     12    92%   163->166, 166->169, 172->179, 238-242, 307-315, 390, 437, 473-474, 547, 577->569, 739->742, 916-917, 964-965, 1026-1027, 1040-1046, 1127, 1143, 1188-1189, 1230->1222, 1312-1317
src/iris_memory_core/storage/uow.py                               298     22     38      7    89%   91, 596, 624->626, 631->633, 636->exit, 667->670, 711-713, 743-751, 757->exit, 761-770
src/iris_memory_core/storage/vector.py                            167      6     38      7    94%   116, 146, 331, 549, 554->563, 558, 603
-----------------------------------------------------------------------------------------------------------
TOTAL                                                           30551   3315   9998   2168    86%

47 files skipped due to complete coverage.
Required test coverage of 80% reached. Total coverage: 85.59%
=========================== short test summary info ============================
FAILED tests/integration/memory/test_entity_tombstone_ledger.py::test_backfill_historic_tombstone_without_duplicate[True] - assert [17, 18, 19, 20, 21] == [17, 18, 19, 20]
  
  Left contains one more item: 21
  
  Full diff:
    [
        17,
        18,
        19,
        20,
  +     21,
    ]
FAILED tests/integration/memory/test_entity_tombstone_ledger.py::test_backfill_historic_tombstone_without_duplicate[False] - assert [17, 18, 19, 20, 21] == [17, 18, 19, 20]
  
  Left contains one more item: 21
  
  Full diff:
    [
        17,
        18,
        19,
        20,
  +     21,
    ]
FAILED tests/integration/recall/test_projection_deletion_publication.py::test_recall_identity_migration_preserves_rows_and_composite_fk - assert [14, 15, 16, 17, 18, 19, ...] == [14, 15, 16, 17, 18, 19, ...]
  
  Left contains one more item: 21
  
  Full diff:
    [
        14,
        15,
        16,
        17,
        18,
        19,
        20,
  +     21,
    ]
FAILED tests/unit/test_ingestion_domain.py::TestJobKindRegistry::test_only_safe_handlers_enabled - AssertionError: assert frozenset({'c...enance', ...}) == frozenset({'c...dation', ...})
  
  Extra items in the right set:
  'console.trusted_backup'
  
  Full diff:
    frozenset({
        'claim.changed',
        'cognitive_event.changed',
        'console.memory_forget',
  -     'console.trusted_backup',
        'episode.changed',
        'episode.consolidation',
        'focus.maintenance',
        'fts.apply',
        'fts.cleanup',
        'fts.rebuild',
        'graph.apply',
        'graph.cleanup',
        'graph.rebuild',
        'maintenance.selfcheck',
        'memory.invalidated',
        'memory.reconciliation',
        'note.changed',
        'note.review',
        'observation.recorded',
        'persona.evaluation',
        'persona.revised',
        'persona.revision_invalidated',
        'persona.state_expire',
        'profile.apply',
        'profile.cleanup',
        'profile.rebuild',
        'recent_context.maintenance',
        'reflection.generate',
        'relation.changed',
        'retention.compaction',
        'state.projection',
        'surface.lease_revoked',
        'task.changed',
        'task.trigger_scan',
        'vector.apply',
        'vector.cleanup',
        'vector.rebuild',
    })
=========== 4 failed, 14789 passed, 2 warnings in 1181.41s (0:19:41) ===========
make: *** [test] Error 1
