F
=================================== FAILURES ===================================
_ test_http_accepts_then_real_worker_verifies_without_exposing_instance_files __

backup = {'access': AccessContext(tenant_id='tenant-a', app_instance_id='app-1', agent_ids=frozenset({'01a07d11-068c-7b65-846d-... at 0x108ce4c20>, 'archives': <iris_memory_core.storage.admin_archives.AdminArchiveService object at 0x10734f800>, ...}

    def test_http_accepts_then_real_worker_verifies_without_exposing_instance_files(
        backup: dict[str, Any],
    ) -> None:
        client, csrf = signed_in(backup["app"], backup["token"])
        with client:
            assert (
                client.post(
                    "/v1/backups", json={"reason_code": "operator_request"}, headers=headers(csrf)
                ).status_code
                == 403
            )
            assert (
                client.post(
                    "/v1/auth/reauth", json={"key": backup["token"]}, headers=headers(csrf)
                ).status_code
                == 200
            )
            response = client.post(
                "/v1/backups",
                json={"reason_code": "operator_request"},
                headers=headers(csrf, key="558e7de8-0e9d-412a-8662-3d0e54b5c1dd"),
            )
>           assert response.status_code == 202, response.text
E           AssertionError: {"error":{"code":"access_denied","message":"access denied","retryable":false,"details":{"kind":"permission_denied"}},"request_id":"01a07d11-075c-79aa-a6c4-0adf20fb416c"}
E           assert 403 == 202
E            +  where 403 = <Response [403 Forbidden]>.status_code

tests/integration/console/test_console_backup_operations.py:78: AssertionError
----------------------------- Captured stderr call -----------------------------
{"duration_ms": 102.65862500091316, "event": "console.request", "id_hash": "h_d82d5c581168", "status": "200"}
{"duration_ms": 33.08433400161448, "event": "console.request", "id_hash": "h_9098303b5f8e", "status": "403"}
{"duration_ms": 6.4822089989320375, "event": "console.request", "id_hash": "h_cc4e2019e8b9", "status": "200"}
{"duration_ms": 5.872958001418738, "event": "console.request", "id_hash": "h_be4433013433", "status": "403"}
=============================== warnings summary ===============================
.venv/lib/python3.12/site-packages/fastapi/testclient.py:1
  /Users/cassia/Local/Code/iris_memory_core/.venv/lib/python3.12/site-packages/fastapi/testclient.py:1: StarletteDeprecationWarning: Using `httpx` with `starlette.testclient` is deprecated; install `httpx2` instead.
    from starlette.testclient import TestClient as TestClient  # noqa

.venv/lib/python3.12/site-packages/starlette/testclient.py:53
  /Users/cassia/Local/Code/iris_memory_core/.venv/lib/python3.12/site-packages/starlette/testclient.py:53: DeprecationWarning: The anyio.abc.BlockingPortal alias is deprecated, use anyio.from_thread.BlockingPortal instead.
    _PortalFactoryType = Callable[[], AbstractContextManager[anyio.abc.BlockingPortal]]

-- Docs: https://docs.pytest.org/en/stable/how-to/capture-warnings.html
=========================== short test summary info ============================
FAILED tests/integration/console/test_console_backup_operations.py::test_http_accepts_then_real_worker_verifies_without_exposing_instance_files
!!!!!!!!!!!!!!!!!!!!!!!!!! stopping after 1 failures !!!!!!!!!!!!!!!!!!!!!!!!!!!
1 failed, 2 warnings in 0.61s
